#-----------------------------------------------------------
# Vivado v2025.1 (64-bit)
# SW Build 6140274 on Thu May 22 00:12:29 MDT 2025
# IP Build 6138677 on Thu May 22 03:10:11 MDT 2025
# SharedData Build 6139179 on Tue May 20 17:58:58 MDT 2025
# Start of session at: Wed Feb 11 13:42:10 2026
# Process ID         : 20712
# Current directory  : C:/pro_10_02_2026_s/vivado/mobilenet_hw
# Command line       : vivado.exe -gui_launcher_event rodinguilauncherevent5408 C:\pro_10_02_2026_s\vivado\mobilenet_hw\mobilenet_hw.xpr
# Log file           : C:/pro_10_02_2026_s/vivado/mobilenet_hw/vivado.log
# Journal file       : C:/pro_10_02_2026_s/vivado/mobilenet_hw\vivado.jou
# Running On         : ARSHAD
# Platform           : Windows Server 2016 or Windows 10
# Operating System   : 26200
# Processor Detail   : 13th Gen Intel(R) Core(TM) i5-1335U
# CPU Frequency      : 2496 MHz
# CPU Physical cores : 10
# CPU Logical cores  : 12
# Host memory        : 16794 MB
# Swap memory        : 6710 MB
# Total Virtual      : 23505 MB
# Available Virtual  : 11691 MB
#-----------------------------------------------------------
start_gui
open_project C:/pro_10_02_2026_s/vivado/mobilenet_hw/mobilenet_hw.xpr
update_compile_order -fileset sources_1
open_bd_design {C:/pro_10_02_2026_s/vivado/mobilenet_hw/mobilenet_hw.srcs/sources_1/bd/mobilenet_bd/mobilenet_bd.bd}
